// Jest Snapshot v1, https://goo.gl/fbAQLP

exports[`test still testing 1`] = `<Root />`;
